C51 COMPILER V9.57.0.0   6                                                                 01/24/2021 22:38:16 PAGE 1   


C51 COMPILER V9.57.0.0, COMPILATION OF MODULE 6
OBJECT MODULE PLACED IN .\Objects\6.obj
COMPILER INVOKED BY: E:\Program Files (x86)\keil\C51\BIN\C51.EXE 6.c OPTIMIZE(8,SPEED) BROWSE DEBUG OBJECTEXTEND PRINT(.
                    -\Listings\6.lst) TABS(2) OBJECT(.\Objects\6.obj)

line level    source

   1          #include <reg52.h>
   2          /***********************************************************************
   3          ***        间隔300ms第一次一个管亮流动一次，第二次两个管亮流动.      ***
   4          ***        依次到8个管亮，然后重复整个过程。                         ***
   5          ***********************************************************************/
   6          #include <intrins.h>
   7          #define uint unsigned int
   8          #define uchar unsigned char
   9            
  10          void delay(uint a)
  11          {
  12   1        while(a--);
  13   1      }
  14          
  15          int pow(int a,int b)
  16          {
  17   1        int ret=1;
  18   1        int i=0;
  19   1        for(i=0;i<b;i++)
  20   1        {
  21   2          ret*=a;
  22   2        }
  23   1        return ret;
  24   1      }
  25          
  26          void main()
  27          {
  28   1        uint i=0,j=0;
  29   1        while(1)
  30   1        {
  31   2          uchar temp=0xfe;
  32   2          for(i=0;i<8;i++)
  33   2          {
  34   3            P2=temp;
  35   3            for(j=0;j<8-i;j++)            
  36   3            {
  37   4              delay(65535);
  38   4              P2=_crol_(P2,1);//控制灯的移动
  39   4            }
  40   3            temp-=pow(2,i+1);//控制灯的个数 
  41   3          }
  42   2        }
  43   1      }


MODULE INFORMATION:   STATIC OVERLAYABLE
   CODE SIZE        =    171    ----
   CONSTANT SIZE    =   ----    ----
   XDATA SIZE       =   ----    ----
   PDATA SIZE       =   ----    ----
   DATA SIZE        =   ----       9
   IDATA SIZE       =   ----    ----
   BIT SIZE         =   ----    ----
END OF MODULE INFORMATION.

C51 COMPILER V9.57.0.0   6                                                                 01/24/2021 22:38:16 PAGE 2   


C51 COMPILATION COMPLETE.  0 WARNING(S),  0 ERROR(S)
