BL51 BANKED LINKER/LOCATER V6.22                                                        02/05/2021  20:12:39  PAGE 1


BL51 BANKED LINKER/LOCATER V6.22, INVOKED BY:
E:\PROGRAM FILES (X86)\KEIL\C51\BIN\BL51.EXE .\Objects\test.obj TO .\Objects\test PRINT (.\Listings\test.m51) RAMSIZE (2
>> 56)


MEMORY MODEL: SMALL


INPUT MODULES INCLUDED:
  .\Objects\test.obj (TEST)
  E:\PROGRAM FILES (X86)\KEIL\C51\LIB\C51S.LIB (?C_STARTUP)
  E:\PROGRAM FILES (X86)\KEIL\C51\LIB\C51S.LIB (?C?UIDIV)
  E:\PROGRAM FILES (X86)\KEIL\C51\LIB\C51S.LIB (?C_INIT)


LINK MAP OF MODULE:  .\Objects\test (TEST)


            TYPE    BASE      LENGTH    RELOCATION   SEGMENT NAME
            -----------------------------------------------------

            * * * * * * *   D A T A   M E M O R Y   * * * * * * *
            REG     0000H     0008H     ABSOLUTE     "REG BANK 0"
            DATA    0008H     000CH     UNIT         _DATA_GROUP_
            DATA    0014H     0006H     UNIT         ?DT?TEST
            IDATA   001AH     0001H     UNIT         ?STACK

            * * * * * * *   C O D E   M E M O R Y   * * * * * * *
            CODE    0000H     0003H     ABSOLUTE     
            CODE    0003H     0008H     UNIT         ?PR?MAIN?TEST
            CODE    000BH     0003H     ABSOLUTE     
            CODE    000EH     0126H     UNIT         ?PR?DISPLAY?TEST
            CODE    0134H     008CH     UNIT         ?C_C51STARTUP
            CODE    01C0H     0055H     UNIT         ?C?LIB_CODE
            CODE    0215H     0049H     UNIT         ?PR?TIME0?TEST
            CODE    025EH     0010H     UNIT         ?PR?INIT?TEST
            CODE    026EH     000DH     UNIT         ?C_INITSEG
            CODE    027BH     000BH     UNIT         ?PR?_DELAY?TEST
            CODE    0286H     000AH     UNIT         ?CO?TEST



OVERLAY MAP OF MODULE:   .\Objects\test (TEST)


SEGMENT                          DATA_GROUP 
  +--> CALLED SEGMENT          START    LENGTH
----------------------------------------------
?C_C51STARTUP                  -----    -----
  +--> ?PR?MAIN?TEST
  +--> ?C_INITSEG

?PR?MAIN?TEST                  -----    -----
  +--> ?PR?INIT?TEST
  +--> ?PR?DISPLAY?TEST

?PR?DISPLAY?TEST               0008H    000CH
  +--> ?CO?TEST
BL51 BANKED LINKER/LOCATER V6.22                                                      02/05/2021  20:12:39  PAGE 2


  +--> ?PR?_DELAY?TEST



SYMBOL TABLE OF MODULE:  .\Objects\test (TEST)

  VALUE           TYPE          NAME
  ----------------------------------

  -------         MODULE        TEST
  C:0000H         SYMBOL        _ICE_DUMMY_
  D:0080H         PUBLIC        P0
  D:0090H         PUBLIC        P1
  D:00A0H         PUBLIC        P2
  D:00B0H         PUBLIC        P3
  B:00A8H.7       PUBLIC        EA
  D:00A8H         PUBLIC        IE
  C:027BH         PUBLIC        _delay
  D:00B8H         PUBLIC        IP
  C:0003H         PUBLIC        main
  D:0098H         PUBLIC        SCON
  D:0089H         PUBLIC        TMOD
  D:0088H         PUBLIC        TCON
  C:025EH         PUBLIC        init
  D:0014H         PUBLIC        sec
  D:0016H         PUBLIC        hour
  D:0018H         PUBLIC        min
  C:0286H         PUBLIC        smg
  B:00A8H.1       PUBLIC        ET0
  D:008CH         PUBLIC        TH0
  D:008AH         PUBLIC        TL0
  B:0088H.4       PUBLIC        TR0
  B:00A0H.2       PUBLIC        LSA
  C:0215H         PUBLIC        time0
  B:00A0H.3       PUBLIC        LSB
  B:00A0H.4       PUBLIC        LSC
  D:00C8H         PUBLIC        T2CON
  C:000EH         PUBLIC        display
  D:00D0H         PUBLIC        PSW
  -------         PROC          _DELAY
  D:0006H         SYMBOL        a
  C:027BH         LINE#         16
  C:027BH         LINE#         17
  C:027BH         LINE#         18
  C:0285H         LINE#         19
  -------         ENDPROC       _DELAY
  -------         PROC          INIT
  C:025EH         LINE#         22
  C:025EH         LINE#         23
  C:025EH         LINE#         24
  C:0260H         LINE#         25
  C:0263H         LINE#         26
  C:0265H         LINE#         27
  C:0268H         LINE#         28
  C:026BH         LINE#         29
  C:026DH         LINE#         30
  -------         ENDPROC       INIT
BL51 BANKED LINKER/LOCATER V6.22                                                      02/05/2021  20:12:39  PAGE 3


  -------         PROC          TIME0
  C:0215H         LINE#         32
  C:0217H         LINE#         34
  C:021AH         LINE#         35
  C:021DH         LINE#         36
  C:0225H         LINE#         37
  C:022BH         LINE#         38
  C:022BH         LINE#         39
  C:0233H         LINE#         40
  C:0239H         LINE#         41
  C:0239H         LINE#         42
  C:0241H         LINE#         43
  C:0241H         LINE#         44
  C:0249H         LINE#         45
  C:024FH         LINE#         46
  C:024FH         LINE#         47
  C:0257H         LINE#         48
  C:0257H         LINE#         49
  C:025BH         LINE#         50
  C:025BH         LINE#         51
  -------         ENDPROC       TIME0
  -------         PROC          DISPLAY
  -------         DO            
  D:0002H         SYMBOL        i
  D:0008H         SYMBOL        sec_1
  D:000AH         SYMBOL        sec_2
  D:000CH         SYMBOL        min_1
  D:000EH         SYMBOL        min_2
  D:0010H         SYMBOL        hour_1
  D:0012H         SYMBOL        hour_2
  -------         ENDDO         
  C:000EH         LINE#         53
  C:000EH         LINE#         54
  C:000EH         LINE#         55
  C:0011H         LINE#         56
  C:001FH         LINE#         57
  C:002EH         LINE#         58
  C:003DH         LINE#         59
  C:004CH         LINE#         60
  C:005BH         LINE#         61
  C:006AH         LINE#         74
  C:006AH         LINE#         75
  C:006AH         LINE#         76
  C:0098H         LINE#         77
  C:0098H         LINE#         78
  C:0098H         LINE#         79
  C:00AAH         LINE#         80
  C:00AAH         LINE#         81
  C:00BCH         LINE#         82
  C:00BCH         LINE#         83
  C:00C4H         LINE#         84
  C:00C4H         LINE#         85
  C:00D6H         LINE#         86
  C:00D6H         LINE#         87
  C:00E8H         LINE#         88
  C:00E8H         LINE#         89
  C:00F3H         LINE#         90
BL51 BANKED LINKER/LOCATER V6.22                                                      02/05/2021  20:12:39  PAGE 4


  C:00F3H         LINE#         91
  C:0105H         LINE#         92
  C:0105H         LINE#         93
  C:011BH         LINE#         94
  C:011BH         LINE#         95
  C:0122H         LINE#         96
  C:0125H         LINE#         97
  C:0133H         LINE#         98
  -------         ENDPROC       DISPLAY
  -------         PROC          MAIN
  C:0003H         LINE#         100
  C:0003H         LINE#         101
  C:0003H         LINE#         102
  C:0006H         LINE#         103
  C:0006H         LINE#         104
  C:0006H         LINE#         105
  C:0009H         LINE#         106
  -------         ENDPROC       MAIN
  -------         ENDMOD        TEST

  -------         MODULE        ?C?UIDIV
  C:01C0H         PUBLIC        ?C?UIDIV
  -------         ENDMOD        ?C?UIDIV

Program Size: data=27.0 xdata=0 code=656
LINK/LOCATE RUN COMPLETE.  0 WARNING(S),  0 ERROR(S)
