BL51 BANKED LINKER/LOCATER V6.22                                                        02/10/2021  23:12:51  PAGE 1


BL51 BANKED LINKER/LOCATER V6.22, INVOKED BY:
E:\PROGRAM FILES (X86)\KEIL\C51\BIN\BL51.EXE .\Objects\test.obj TO .\Objects\test PRINT (.\Listings\test.m51) RAMSIZE (2
>> 56)


MEMORY MODEL: SMALL


INPUT MODULES INCLUDED:
  .\Objects\test.obj (TEST)
  E:\PROGRAM FILES (X86)\KEIL\C51\LIB\C51S.LIB (?C_STARTUP)
  E:\PROGRAM FILES (X86)\KEIL\C51\LIB\C51S.LIB (?C_INIT)


LINK MAP OF MODULE:  .\Objects\test (TEST)


            TYPE    BASE      LENGTH    RELOCATION   SEGMENT NAME
            -----------------------------------------------------

            * * * * * * *   D A T A   M E M O R Y   * * * * * * *
            REG     0000H     0008H     ABSOLUTE     "REG BANK 0"
            DATA    0008H     0002H     UNIT         ?DT?TEST
            IDATA   000AH     0001H     UNIT         ?STACK

            * * * * * * *   C O D E   M E M O R Y   * * * * * * *
            CODE    0000H     0003H     ABSOLUTE     
            CODE    0003H     00A5H     UNIT         ?PR?CHECK?TEST
            CODE    00A8H     008CH     UNIT         ?C_C51STARTUP
            CODE    0134H     001BH     UNIT         ?PR?MAIN?TEST
            CODE    014FH     0010H     UNIT         ?CO?TEST
            CODE    015FH     000BH     UNIT         ?PR?_DELAY?TEST
            CODE    016AH     0005H     UNIT         ?C_INITSEG



OVERLAY MAP OF MODULE:   .\Objects\test (TEST)


SEGMENT
  +--> CALLED SEGMENT
---------------------
?C_C51STARTUP
  +--> ?PR?MAIN?TEST
  +--> ?C_INITSEG

?PR?MAIN?TEST
  +--> ?CO?TEST
  +--> ?PR?CHECK?TEST

?PR?CHECK?TEST
  +--> ?PR?_DELAY?TEST



SYMBOL TABLE OF MODULE:  .\Objects\test (TEST)

  VALUE           TYPE          NAME
BL51 BANKED LINKER/LOCATER V6.22                                                      02/10/2021  23:12:51  PAGE 2


  ----------------------------------

  -------         MODULE        TEST
  C:0000H         SYMBOL        _ICE_DUMMY_
  D:0080H         PUBLIC        P0
  C:0003H         PUBLIC        check
  D:0090H         PUBLIC        P1
  D:00A0H         PUBLIC        P2
  D:00B0H         PUBLIC        P3
  C:014FH         PUBLIC        table
  D:00A8H         PUBLIC        IE
  C:015FH         PUBLIC        _delay
  D:00B8H         PUBLIC        IP
  C:0134H         PUBLIC        main
  D:0098H         PUBLIC        SCON
  D:0088H         PUBLIC        TCON
  D:0008H         PUBLIC        num
  B:00A0H.2       PUBLIC        LSA
  B:00A0H.3       PUBLIC        LSB
  B:00A0H.4       PUBLIC        LSC
  D:00C8H         PUBLIC        T2CON
  D:00D0H         PUBLIC        PSW
  -------         PROC          _DELAY
  D:0006H         SYMBOL        a
  C:015FH         LINE#         22
  C:015FH         LINE#         23
  C:015FH         LINE#         24
  C:0169H         LINE#         25
  -------         ENDPROC       _DELAY
  -------         PROC          CHECK
  -------         DO            
  D:0002H         SYMBOL        i
  D:0005H         SYMBOL        temp
  D:0001H         SYMBOL        key
  -------         ENDDO         
  C:0003H         LINE#         28
  C:0003H         LINE#         29
  C:0003H         LINE#         30
  C:0006H         LINE#         32
  C:0006H         LINE#         33
  C:0006H         LINE#         34
  C:0017H         LINE#         35
  C:0017H         LINE#         36
  C:0017H         LINE#         37
  C:001BH         LINE#         38
  C:001BH         LINE#         39
  C:001FH         LINE#         40
  C:001FH         LINE#         41
  C:0023H         LINE#         42
  C:0023H         LINE#         43
  C:0025H         LINE#         44
  C:0025H         LINE#         45
  C:0027H         LINE#         46
  C:002CH         LINE#         47
  C:0030H         LINE#         48
  C:0030H         LINE#         49
  C:0037H         LINE#         50
BL51 BANKED LINKER/LOCATER V6.22                                                      02/10/2021  23:12:51  PAGE 3


  C:003CH         LINE#         51
  C:003CH         LINE#         52
  C:004EH         LINE#         53
  C:004EH         LINE#         54
  C:004EH         LINE#         55
  C:0060H         LINE#         56
  C:0060H         LINE#         57
  C:0070H         LINE#         58
  C:0070H         LINE#         59
  C:0080H         LINE#         60
  C:0080H         LINE#         61
  C:0094H         LINE#         62
  C:0094H         LINE#         63
  C:0099H         LINE#         64
  C:0099H         LINE#         65
  C:0099H         LINE#         66
  C:00A7H         LINE#         67
  -------         ENDPROC       CHECK
  -------         PROC          MAIN
  C:0134H         LINE#         69
  C:0134H         LINE#         70
  C:0134H         LINE#         71
  C:0136H         LINE#         72
  C:0138H         LINE#         73
  C:013AH         LINE#         74
  C:013AH         LINE#         75
  C:013AH         LINE#         76
  C:014AH         LINE#         77
  C:014DH         LINE#         79
  -------         ENDPROC       MAIN
  -------         ENDMOD        TEST

Program Size: data=11.0 xdata=0 code=367
LINK/LOCATE RUN COMPLETE.  0 WARNING(S),  0 ERROR(S)
