BL51 BANKED LINKER/LOCATER V6.22.2.0                                                    01/25/2021  17:45:25  PAGE 1


BL51 BANKED LINKER/LOCATER V6.22.2.0, INVOKED BY:
E:\PROGRAM FILES (X86)\KEIL\C51\BIN\BL51.EXE .\Objects\1.obj TO .\Objects\ ˝¬Îπ‹æ≤Ã¨œ‘ æ PRINT (.\Listings\ ˝¬Îπ‹æ≤Ã¨œ‘ 
>> æ.m51) RAMSIZE (256)


MEMORY MODEL: SMALL


INPUT MODULES INCLUDED:
  .\Objects\1.obj (1)
  E:\PROGRAM FILES (X86)\KEIL\C51\LIB\C51S.LIB (?C_STARTUP)
  E:\PROGRAM FILES (X86)\KEIL\C51\LIB\C51S.LIB (?C_INIT)


LINK MAP OF MODULE:  .\Objects\ ˝¬Îπ‹æ≤Ã¨œ‘ æ (1)


            TYPE    BASE      LENGTH    RELOCATION   SEGMENT NAME
            -----------------------------------------------------

            * * * * * * *   D A T A   M E M O R Y   * * * * * * *
            REG     0000H     0008H     ABSOLUTE     "REG BANK 0"
            DATA    0008H     0022H     UNIT         ?DT?1
            IDATA   002AH     0001H     UNIT         ?STACK

            * * * * * * *   C O D E   M E M O R Y   * * * * * * *
            CODE    0000H     0003H     ABSOLUTE     
            CODE    0003H     008CH     UNIT         ?C_C51STARTUP
            CODE    008FH     0026H     UNIT         ?PR?MAIN?1
            CODE    00B5H     0026H     UNIT         ?C_INITSEG
            CODE    00DBH     000BH     UNIT         ?PR?_DELAY?1



OVERLAY MAP OF MODULE:   .\Objects\ ˝¬Îπ‹æ≤Ã¨œ‘ æ (1)


SEGMENT
  +--> CALLED SEGMENT
---------------------
?C_C51STARTUP
  +--> ?PR?MAIN?1
  +--> ?C_INITSEG

?PR?MAIN?1
  +--> ?PR?_DELAY?1



SYMBOL TABLE OF MODULE:  .\Objects\ ˝¬Îπ‹æ≤Ã¨œ‘ æ (1)

  VALUE           TYPE          NAME
  ----------------------------------

  -------         MODULE        1
  C:0000H         SYMBOL        _ICE_DUMMY_
  D:0080H         PUBLIC        P0
  D:0090H         PUBLIC        P1
BL51 BANKED LINKER/LOCATER V6.22.2.0                                                  01/25/2021  17:45:25  PAGE 2


  D:00A0H         PUBLIC        P2
  D:00B0H         PUBLIC        P3
  D:00A8H         PUBLIC        IE
  C:00DBH         PUBLIC        _delay
  D:00B8H         PUBLIC        IP
  B:00A0H.2       PUBLIC        qw1
  B:00A0H.3       PUBLIC        qw2
  B:00A0H.4       PUBLIC        qw3
  C:008FH         PUBLIC        main
  D:0098H         PUBLIC        SCON
  D:0088H         PUBLIC        TCON
  D:00C8H         PUBLIC        T2CON
  D:0008H         PUBLIC        smgduan
  D:00D0H         PUBLIC        PSW
  -------         PROC          _DELAY
  D:0006H         SYMBOL        a
  C:00DBH         LINE#         12
  C:00DBH         LINE#         13
  C:00DBH         LINE#         14
  C:00E5H         LINE#         15
  -------         ENDPROC       _DELAY
  -------         PROC          MAIN
  -------         DO            
  D:0002H         SYMBOL        i
  -------         ENDDO         
  C:008FH         LINE#         18
  C:008FH         LINE#         19
  C:008FH         LINE#         20
  C:0092H         LINE#         21
  C:0092H         LINE#         22
  C:0092H         LINE#         23
  C:0094H         LINE#         24
  C:0096H         LINE#         25
  C:0098H         LINE#         26
  C:00A2H         LINE#         27
  C:00A9H         LINE#         28
  C:00B4H         LINE#         29
  -------         ENDPROC       MAIN
  -------         ENDMOD        1

Program Size: data=43.0 xdata=0 code=230
LINK/LOCATE RUN COMPLETE.  0 WARNING(S),  0 ERROR(S)
