BL51 BANKED LINKER/LOCATER V6.22                                                        02/05/2021  22:38:49  PAGE 1


BL51 BANKED LINKER/LOCATER V6.22, INVOKED BY:
E:\PROGRAM FILES (X86)\KEIL\C51\BIN\BL51.EXE .\Objects\test.obj TO .\Objects\test PRINT (.\Listings\test.m51) RAMSIZE (2
>> 56)


MEMORY MODEL: SMALL


INPUT MODULES INCLUDED:
  .\Objects\test.obj (TEST)
  E:\PROGRAM FILES (X86)\KEIL\C51\LIB\C51S.LIB (?C_STARTUP)
  E:\PROGRAM FILES (X86)\KEIL\C51\LIB\C51S.LIB (?C?ULCMP)


LINK MAP OF MODULE:  .\Objects\test (TEST)


            TYPE    BASE      LENGTH    RELOCATION   SEGMENT NAME
            -----------------------------------------------------

            * * * * * * *   D A T A   M E M O R Y   * * * * * * *
            REG     0000H     0008H     ABSOLUTE     "REG BANK 0"
            DATA    0008H     0008H     UNIT         _DATA_GROUP_
            DATA    0010H     0003H     UNIT         ?DT?TEST
            IDATA   0013H     0001H     UNIT         ?STACK

            * * * * * * *   C O D E   M E M O R Y   * * * * * * *
            CODE    0000H     0003H     ABSOLUTE     
                    0003H     0008H                  *** GAP ***
            CODE    000BH     0003H     ABSOLUTE     
            CODE    000EH     0125H     UNIT         ?CO?TEST
            CODE    0133H     004DH     UNIT         ?PR?MAIN?TEST
            CODE    0180H     0048H     UNIT         ?PR?_DELAY?TEST
            CODE    01C8H     0046H     UNIT         ?PR?_LED?TEST
            CODE    020EH     0011H     UNIT         ?C?LIB_CODE
            CODE    021FH     000DH     UNIT         ?PR?T0INT?TEST
            CODE    022CH     000DH     UNIT         ?PR?SONG?TEST
            CODE    0239H     000CH     UNIT         ?C_C51STARTUP



OVERLAY MAP OF MODULE:   .\Objects\test (TEST)


SEGMENT                          DATA_GROUP 
  +--> CALLED SEGMENT          START    LENGTH
----------------------------------------------
?C_C51STARTUP                  -----    -----
  +--> ?PR?MAIN?TEST

?PR?MAIN?TEST                  0008H    0002H
  +--> ?CO?TEST
  +--> ?PR?_LED?TEST
  +--> ?PR?SONG?TEST

?PR?SONG?TEST                  -----    -----
  +--> ?PR?_DELAY?TEST

BL51 BANKED LINKER/LOCATER V6.22                                                      02/05/2021  22:38:49  PAGE 2


?PR?_DELAY?TEST                000AH    0006H



SYMBOL TABLE OF MODULE:  .\Objects\test (TEST)

  VALUE           TYPE          NAME
  ----------------------------------

  -------         MODULE        TEST
  C:0000H         SYMBOL        _ICE_DUMMY_
  D:0090H         PUBLIC        P1
  D:00A0H         PUBLIC        P2
  D:00B0H         PUBLIC        P3
  B:00A8H.7       PUBLIC        EA
  D:00A8H         PUBLIC        IE
  C:0180H         PUBLIC        _delay
  D:00B8H         PUBLIC        IP
  C:0133H         PUBLIC        main
  D:0010H         PUBLIC        time
  D:0098H         PUBLIC        SCON
  D:0089H         PUBLIC        TMOD
  D:0088H         PUBLIC        TCON
  C:01C8H         PUBLIC        _led
  C:022CH         PUBLIC        song
  D:0011H         PUBLIC        timer0h
  D:0012H         PUBLIC        timer0l
  B:00A8H.1       PUBLIC        ET0
  C:0046H         PUBLIC        hd
  D:008CH         PUBLIC        TH0
  D:008AH         PUBLIC        TL0
  B:0088H.4       PUBLIC        TR0
  D:00C8H         PUBLIC        T2CON
  B:0090H.5       PUBLIC        speaker
  C:021FH         PUBLIC        t0int
  C:000EH         PUBLIC        FREQH
  D:00D0H         PUBLIC        PSW
  C:002AH         PUBLIC        FREQL
  -------         PROC          T0INT
  C:021FH         LINE#         43
  C:021FH         LINE#         45
  C:0221H         LINE#         46
  C:0223H         LINE#         47
  C:0226H         LINE#         48
  C:0229H         LINE#         49
  C:022BH         LINE#         50
  -------         ENDPROC       T0INT
  -------         PROC          _DELAY
  D:000AH         SYMBOL        t
  -------         DO            
  D:000BH         SYMBOL        t1
  D:000CH         SYMBOL        t2
  -------         ENDDO         
  C:0180H         LINE#         52
  C:0182H         LINE#         53
  C:0182H         LINE#         56
  C:018CH         LINE#         57
BL51 BANKED LINKER/LOCATER V6.22                                                      02/05/2021  22:38:49  PAGE 3


  C:01C5H         LINE#         58
  C:01C7H         LINE#         59
  -------         ENDPROC       _DELAY
  -------         PROC          SONG
  C:022CH         LINE#         61
  C:022CH         LINE#         62
  C:022CH         LINE#         63
  C:022FH         LINE#         64
  C:0232H         LINE#         65
  C:0234H         LINE#         66
  -------         ENDPROC       SONG
  -------         PROC          _LED
  D:0007H         SYMBOL        i
  C:01C8H         LINE#         69
  C:01C8H         LINE#         70
  C:01C8H         LINE#         71
  C:01F2H         LINE#         72
  C:01F2H         LINE#         73
  C:01F6H         LINE#         74
  C:01FAH         LINE#         75
  C:01FEH         LINE#         76
  C:0202H         LINE#         77
  C:0206H         LINE#         78
  C:020AH         LINE#         79
  C:020DH         LINE#         80
  C:020DH         LINE#         81
  C:020DH         LINE#         82
  -------         ENDPROC       _LED
  -------         PROC          MAIN
  -------         DO            
  D:0008H         SYMBOL        k
  D:0009H         SYMBOL        i
  -------         ENDDO         
  C:0133H         LINE#         84
  C:0133H         LINE#         85
  C:0133H         LINE#         87
  C:0136H         LINE#         88
  C:0138H         LINE#         89
  C:013AH         LINE#         90
  C:013AH         LINE#         91
  C:013AH         LINE#         92
  C:013DH         LINE#         93
  C:0140H         LINE#         94
  C:0144H         LINE#         95
  C:0144H         LINE#         96
  C:015AH         LINE#         98
  C:015DH         LINE#         99
  C:0165H         LINE#         100
  C:016DH         LINE#         101
  C:0175H         LINE#         102
  C:017BH         LINE#         103
  C:017EH         LINE#         105
  -------         ENDPROC       MAIN
  -------         ENDMOD        TEST

  -------         MODULE        ?C?ULCMP
  C:020EH         PUBLIC        ?C?ULCMP
BL51 BANKED LINKER/LOCATER V6.22                                                      02/05/2021  22:38:49  PAGE 4


  -------         ENDMOD        ?C?ULCMP

Program Size: data=20.0 xdata=0 code=573
LINK/LOCATE RUN COMPLETE.  0 WARNING(S),  0 ERROR(S)
