C51 COMPILER V9.57.0.0   1                                                                 01/31/2021 13:35:19 PAGE 1   


C51 COMPILER V9.57.0.0, COMPILATION OF MODULE 1
OBJECT MODULE PLACED IN .\Objects\1.obj
COMPILER INVOKED BY: E:\Program Files (x86)\keil\C51\BIN\C51.EXE 1.c OPTIMIZE(8,SPEED) BROWSE DEBUG OBJECTEXTEND PRINT(.
                    -\Listings\1.lst) TABS(2) OBJECT(.\Objects\1.obj)

line level    source

   1          #include <reg52.h>
   2          //1、利用定时/计数器T0从P1.0输出周期为1s的方波，让发光二极管以1HZ闪烁，设晶振频率为12MHz。
   3          
   4          #define uint unsigned int
   5          #define uchar unsigned char
   6            
   7          sbit led=P2^0;
   8          sbit output=P2^7;
   9            
  10          uint i=0;
  11          uint a=0;
  12          /*
  13          void delay(uint a)
  14          {
  15            while(a--);
  16          }
  17          */
  18          void time0() interrupt 1
  19          {
  20   1        
  21   1        TH0=(65536-10000)/256;
  22   1        TL0=(65536-10000)%256;
  23   1        i++;
  24   1      }
  25          
  26          void time1() interrupt 3
  27          {
  28   1        
  29   1        TH1=(65536-10000)/256;
  30   1        TL1=(65536-10000)%256;
  31   1        a++;
  32   1      }
  33          
  34          void init_time0_1()
  35          {
  36   1        EA=1;
  37   1        
  38   1        TMOD=0x11;
  39   1        
  40   1        ET0=1;
  41   1        TR0=1;
  42   1        TH0=(65536-10000)/256;//10 ms
  43   1        TL0=(65536-10000)%256;
  44   1        
  45   1        ET1=1;
  46   1        TR1=1;
  47   1        TH1=(65536-10000)/256;//10 ms
  48   1        TL1=(65536-10000)%256;
  49   1        
  50   1      }
  51          
  52          void main()
  53          {
  54   1        init_time0_1();
C51 COMPILER V9.57.0.0   1                                                                 01/31/2021 13:35:19 PAGE 2   

  55   1        while(1)
  56   1        {
  57   2          if (i==10)
  58   2          {
  59   3            i=0;
  60   3            led=~led;
  61   3          }
  62   2          if(a==100)
  63   2          {
  64   3            a=0;
  65   3            output=~output;
  66   3          }
  67   2        }
  68   1      }


MODULE INFORMATION:   STATIC OVERLAYABLE
   CODE SIZE        =     97    ----
   CONSTANT SIZE    =   ----    ----
   XDATA SIZE       =   ----    ----
   PDATA SIZE       =   ----    ----
   DATA SIZE        =      4    ----
   IDATA SIZE       =   ----    ----
   BIT SIZE         =   ----    ----
END OF MODULE INFORMATION.


C51 COMPILATION COMPLETE.  0 WARNING(S),  0 ERROR(S)
