BL51 BANKED LINKER/LOCATER V6.22                                                        02/10/2021  23:11:16  PAGE 1


BL51 BANKED LINKER/LOCATER V6.22, INVOKED BY:
E:\PROGRAM FILES (X86)\KEIL\C51\BIN\BL51.EXE .\Objects\test.obj TO .\Objects\test PRINT (.\Listings\test.m51) RAMSIZE (2
>> 56)


MEMORY MODEL: SMALL


INPUT MODULES INCLUDED:
  .\Objects\test.obj (TEST)
  E:\PROGRAM FILES (X86)\KEIL\C51\LIB\C51S.LIB (?C_STARTUP)
  E:\PROGRAM FILES (X86)\KEIL\C51\LIB\C51S.LIB (?C_INIT)


LINK MAP OF MODULE:  .\Objects\test (TEST)


            TYPE    BASE      LENGTH    RELOCATION   SEGMENT NAME
            -----------------------------------------------------

            * * * * * * *   D A T A   M E M O R Y   * * * * * * *
            REG     0000H     0008H     ABSOLUTE     "REG BANK 0"
            DATA    0008H     0002H     UNIT         ?DT?TEST
            IDATA   000AH     0001H     UNIT         ?STACK

            * * * * * * *   C O D E   M E M O R Y   * * * * * * *
            CODE    0000H     0003H     ABSOLUTE     
            CODE    0003H     008CH     UNIT         ?C_C51STARTUP
            CODE    008FH     0022H     UNIT         ?PR?CHECK?TEST
            CODE    00B1H     001BH     UNIT         ?PR?MAIN?TEST
            CODE    00CCH     0010H     UNIT         ?CO?TEST
            CODE    00DCH     000BH     UNIT         ?PR?_DELAY?TEST
            CODE    00E7H     0005H     UNIT         ?C_INITSEG



OVERLAY MAP OF MODULE:   .\Objects\test (TEST)


SEGMENT
  +--> CALLED SEGMENT
---------------------
?C_C51STARTUP
  +--> ?PR?MAIN?TEST
  +--> ?C_INITSEG

?PR?MAIN?TEST
  +--> ?CO?TEST
  +--> ?PR?CHECK?TEST

?PR?CHECK?TEST
  +--> ?PR?_DELAY?TEST



SYMBOL TABLE OF MODULE:  .\Objects\test (TEST)

  VALUE           TYPE          NAME
BL51 BANKED LINKER/LOCATER V6.22                                                      02/10/2021  23:11:16  PAGE 2


  ----------------------------------

  -------         MODULE        TEST
  C:0000H         SYMBOL        _ICE_DUMMY_
  D:0080H         PUBLIC        P0
  C:008FH         PUBLIC        check
  D:0090H         PUBLIC        P1
  D:00A0H         PUBLIC        P2
  D:00B0H         PUBLIC        P3
  C:00CCH         PUBLIC        table
  D:00A8H         PUBLIC        IE
  C:00DCH         PUBLIC        _delay
  D:00B8H         PUBLIC        IP
  C:00B1H         PUBLIC        main
  D:0098H         PUBLIC        SCON
  D:0088H         PUBLIC        TCON
  B:00A0H.0       PUBLIC        led
  D:0008H         PUBLIC        num
  B:00A0H.2       PUBLIC        LSA
  B:00A0H.3       PUBLIC        LSB
  B:00A0H.4       PUBLIC        LSC
  D:00C8H         PUBLIC        T2CON
  D:00D0H         PUBLIC        PSW
  -------         PROC          _DELAY
  D:0006H         SYMBOL        a
  C:00DCH         LINE#         21
  C:00DCH         LINE#         22
  C:00DCH         LINE#         23
  C:00E6H         LINE#         24
  -------         ENDPROC       _DELAY
  -------         PROC          CHECK
  -------         DO            
  D:0002H         SYMBOL        temp
  -------         ENDDO         
  C:008FH         LINE#         26
  C:008FH         LINE#         27
  C:008FH         LINE#         29
  C:0092H         LINE#         30
  C:0099H         LINE#         31
  C:009DH         LINE#         32
  C:009DH         LINE#         33
  C:00A4H         LINE#         34
  C:00A9H         LINE#         35
  C:00A9H         LINE#         36
  C:00ABH         LINE#         37
  C:00B0H         LINE#         38
  C:00B0H         LINE#         39
  C:00B0H         LINE#         40
  -------         ENDPROC       CHECK
  -------         PROC          MAIN
  C:00B1H         LINE#         42
  C:00B1H         LINE#         43
  C:00B1H         LINE#         44
  C:00B3H         LINE#         45
  C:00B5H         LINE#         46
  C:00B7H         LINE#         47
  C:00B7H         LINE#         48
BL51 BANKED LINKER/LOCATER V6.22                                                      02/10/2021  23:11:16  PAGE 3


  C:00B7H         LINE#         49
  C:00C7H         LINE#         50
  C:00CAH         LINE#         52
  -------         ENDPROC       MAIN
  -------         ENDMOD        TEST

Program Size: data=11.0 xdata=0 code=236
LINK/LOCATE RUN COMPLETE.  0 WARNING(S),  0 ERROR(S)
